// Jest Snapshot v1, https://goo.gl/fbAQLP

exports[`MovieListItem component has persistent snapshot with movie={{}} 1`] = `ShallowWrapper {}`;

exports[`MovieListItem component has persistent snapshot with movie={{genres:["action", "comedy"]}} 1`] = `ShallowWrapper {}`;

exports[`MovieListItem component has persistent snapshot with movie={{release_date:"2018-02-03"}} 1`] = `ShallowWrapper {}`;
