// Jest Snapshot v1, https://goo.gl/fbAQLP

exports[`MovieList component has persistent snapshot with movies={[]} 1`] = `"<section class=\\"movie-list\\"></section>"`;

exports[`MovieList component has persistent snapshot with movies={[{id: 1}, {id: 2}, {id: 3}]} 1`] = `"<section class=\\"movie-list\\"><div class=\\"movie-list-item\\"><a href=\\"/film/1\\"><img/></a><div><h2></h2><span class=\\"movie-list-item__date\\"></span></div><div class=\\"movie-list-item__genres\\"></div></div><div class=\\"movie-list-item\\"><a href=\\"/film/2\\"><img/></a><div><h2></h2><span class=\\"movie-list-item__date\\"></span></div><div class=\\"movie-list-item__genres\\"></div></div><div class=\\"movie-list-item\\"><a href=\\"/film/3\\"><img/></a><div><h2></h2><span class=\\"movie-list-item__date\\"></span></div><div class=\\"movie-list-item__genres\\"></div></div></section>"`;
