// Jest Snapshot v1, https://goo.gl/fbAQLP

exports[`MoviePage component has persistent snapshot with movie={{genres: ["action"]}} 1`] = `"<section class=\\"movie-page\\"><section class=\\"top-section\\"><div class=\\"top-section__overlay\\"></div><div class=\\"top-section__inner-container\\"><button class=\\"p-button p-component p-button-secondary p-button-text-only\\"><span class=\\"p-button-text p-c\\">SEARCH</span></button><article class=\\"movie\\"><img/><div class=\\"movie__description\\"><h2></h2> <div class=\\"movie__rating\\"></div><div class=\\"movie__tagline\\"></div><span class=\\"movie__date\\"></span><span class=\\"movie__duration\\">0 min</span><div class=\\"movie__overview\\"></div></div></article></div></section><section><div class=\\"p-toolbar p-component movie-list-toolbar\\"><label class=\\"movie-list-toolbar__label\\">Films by action genre</label></div><section class=\\"movie-list\\"></section></section></section>"`;

exports[`MoviePage component has persistent snapshot with movie={{genres: []}} 1`] = `"<section class=\\"movie-page\\"><section class=\\"top-section\\"><div class=\\"top-section__overlay\\"></div><div class=\\"top-section__inner-container\\"><button class=\\"p-button p-component p-button-secondary p-button-text-only\\"><span class=\\"p-button-text p-c\\">SEARCH</span></button><article class=\\"movie\\"><img/><div class=\\"movie__description\\"><h2></h2> <div class=\\"movie__rating\\"></div><div class=\\"movie__tagline\\"></div><span class=\\"movie__date\\"></span><span class=\\"movie__duration\\">0 min</span><div class=\\"movie__overview\\"></div></div></article></div></section><section><div class=\\"p-toolbar p-component movie-list-toolbar\\"><label class=\\"movie-list-toolbar__label\\">Films by  genre</label></div><section class=\\"movie-list\\"></section></section></section>"`;
