// Jest Snapshot v1, https://goo.gl/fbAQLP

exports[`SearchResultsInfo component has persistent snapshot 1`] = `"<div class=\\"p-toolbar p-component movie-list-toolbar\\"><label class=\\"movie-list-toolbar__label\\"> movies found</label><div class=\\"sort-by\\"><label>Sort by</label><a class=\\"sort-by__link\\" data-value=\\"release_date\\" href=\\"javascript:void(0);\\">release date</a><a class=\\"sort-by__link\\" data-value=\\"vote_average\\" href=\\"javascript:void(0);\\">rating</a></div></div>"`;
