// Jest Snapshot v1, https://goo.gl/fbAQLP

exports[`SearchForm component has persistent default snapshot 1`] = `ShallowWrapper {}`;

exports[`SearchForm component has persistent snapshot with query="green" 1`] = `ShallowWrapper {}`;

exports[`SearchForm component has persistent snapshot with searchBy="genres" 1`] = `ShallowWrapper {}`;
