// Jest Snapshot v1, https://goo.gl/fbAQLP

exports[`SearchForm component has persistent default snapshot 1`] = `"<form class=\\"search-form\\"><input type=\\"text\\" class=\\"p-inputtext p-component search-input\\" placeholder=\\"Search...\\" value=\\"\\"/><div class=\\"search-by\\"><label>SEARCH BY</label><button type=\\"button\\" class=\\"p-button p-component p-button-secondary p-button-text-only\\" data-value=\\"title\\"><span class=\\"p-button-text p-c\\">Title</span></button><button type=\\"button\\" class=\\"p-button p-component p-button-secondary p-button-text-only\\" data-value=\\"genres\\"><span class=\\"p-button-text p-c\\">Genre</span></button></div><button class=\\"p-button p-component p-button-danger search-button p-button-text-only\\" type=\\"submit\\"><span class=\\"p-button-text p-c\\">Search</span></button></form>"`;

exports[`SearchForm component has persistent snapshot with query="green" 1`] = `"<form class=\\"search-form\\"><input type=\\"text\\" class=\\"p-inputtext p-component search-input p-filled\\" placeholder=\\"Search...\\" value=\\"green\\"/><div class=\\"search-by\\"><label>SEARCH BY</label><button type=\\"button\\" class=\\"p-button p-component p-button-secondary p-button-text-only\\" data-value=\\"title\\"><span class=\\"p-button-text p-c\\">Title</span></button><button type=\\"button\\" class=\\"p-button p-component p-button-secondary p-button-text-only\\" data-value=\\"genres\\"><span class=\\"p-button-text p-c\\">Genre</span></button></div><button class=\\"p-button p-component p-button-danger search-button p-button-text-only\\" type=\\"submit\\"><span class=\\"p-button-text p-c\\">Search</span></button></form>"`;

exports[`SearchForm component has persistent snapshot with searchBy="genres" 1`] = `"<form class=\\"search-form\\"><input type=\\"text\\" class=\\"p-inputtext p-component search-input\\" placeholder=\\"Search...\\"/><div class=\\"search-by\\"><label>SEARCH BY</label><button type=\\"button\\" class=\\"p-button p-component p-button-secondary p-button-text-only\\" data-value=\\"title\\"><span class=\\"p-button-text p-c\\">Title</span></button><button type=\\"button\\" class=\\"p-button p-component p-button-danger p-button-text-only\\" data-value=\\"genres\\"><span class=\\"p-button-text p-c\\">Genre</span></button></div><button class=\\"p-button p-component p-button-danger search-button p-button-text-only\\" type=\\"submit\\"><span class=\\"p-button-text p-c\\">Search</span></button></form>"`;
