// Jest Snapshot v1, https://goo.gl/fbAQLP

exports[`SortBy component has persistent default snapshot 1`] = `ShallowWrapper {}`;

exports[`SortBy component has persistent snapshot with sortBy="release_date" 1`] = `ShallowWrapper {}`;

exports[`SortBy component has persistent snapshot with sortBy="vote_average" 1`] = `ShallowWrapper {}`;
